---
source: crates/mapgen/tests/invariants.rs
expression: "voxel_mapgen::ascii_dump(&map, BiomeCoord::new(0, 0))"
---
Biome (0,0) — Grass
legend: . grass  s sand  ~ water  # rock
layer 6 (surface):
............
............
............
............
............
............
............
............
............
............
............
............

underground element map (layer 5, z=4):
legend: . none  o stone  S sand  I iron  C crystal  X obsidian
oooooooo....
oooooooooooo
oooooooooooo
oooooooooooo
oooooooooooo
oooooooooooo
ooIIIIoooooo
oIIIIIIooooo
oIIIIIIooooo
oIIIIIIooooo
..IIIIoooooo
S..IIIooSSSS
