---
source: crates/mapgen/tests/invariants.rs
expression: "voxel_mapgen::ascii_macro(&map)"
---
6×6 macro map
legend:  . grass  s sand  ~ water  # rock
         = compatible H edge  | compatible V edge

[.] [~] [.] [#] [~] [s]
 |                     
[.] [s] [~] [s] [.]=[.]
         |   |         
[~]=[~]=[~] [s]=[s] [#]
         |   |       | 
[s] [#] [~] [s] [#]=[#]
 |           |       | 
[s] [.]=[.] [s] [.] [#]
         |       |     
[.] [s] [.]=[.]=[.]=[.]
